☼ 2 ☼ ☼ ☼ ☼ ☼ ☼ ☼ ☼ ☼ ☼ ☼ ☼ ☼ ☼ ☼ ☼ ☼ ☼ ☼ ☼ ☼ ☼ ☼ ☼ ☼ ☼ ☼ ☼ ☼ ☼ ☼ ☼
☼     ☼             ☼                               A             ☼
☼     ☼                     ☼      □                              ☼
☼     ☼ ╬ ╬     ╬ ╬ ╬     ╬ ╬ ╬   ╬ ╬ ╬ □ □ □ ╬ ╬ ╬     ╬ ☼ ╬ □ □ ☼
☼     ╬ ╬ ╬ □   ╬ ☼ ╬     ╬ ╬ ╬   ╬ ╬ ╬ ͱ □ □ ╬ ╬ ╬     ╬ ☼ ╬ @ □ ☼
☼                 ╬ □     ╬ ╬ ╬   ╬ ╬ ╬ □ □ ͱ ╬ ╬ ╬ = ͱ ╬ ☼ ╬     ☼
☼             □ ╬ ☼ ╬     ╬ ╬ ╬   ☼ ╬ ╬ □ □ □ ╬ ╬ ╬ = @ ╬ ╬ ☼ 1   ☼
☼     ╬ ╬ ╬       ╬ @     ╬ ╬ ╬   ☼ ╬ ╬ @ □ @ ╬ ╬ ╬ = = ╬ ╬ ╬ ☼ ☼ ☼
☼ A   ╬ ╬ ╬     ╬ ☼ ╬     ╬ ╬ ╬ ͱ ☼ ╬ ╬ □ □ □ ╬ ╬ ╬ ͱ = ╬ ╬ ╬ ╬ ╬ ☼
☼ ☼ ☼ ☼ ☼ ╬   ͱ ╬ ☼ ╬     ╬ ╬ ╬   ╬ ╬ ╬ □ @ □ ╬ ╬ ╬ @ = ╬ ╬ ╬ ╬ ╬ ☼
☼     ╬ ╬ ╬     ╬ ╬ ╬     ╬ ╬ ╬     ╬ ╬ □ □ ͱ ╬ ╬ ╬ = = ╬ ╬ ╬ ╬ ╬ ☼
☼     ╬ ╬ ╬     ╬ ☼ ╬                         ╬ ╬ ╬ = ͱ ╬ ╬ ╬     ☼
☼     ╬ ╬ ╬   @ ╬ ╬ ╬                         ╬ ╬ ╬ = = ╬ ╬ ╬     ☼
☼                     □ □ ☼ ╬ ╬     ╬ ╬ ╬               @         ☼
☼                     □ □ ☼ ╬ ╬ ͱ ͱ ╬ ╬ ╬                         ☼
☼           ╬ ╬ ╬ ╬ ╬ ͱ   ╬ ╬ ╬     ╬ ╬ ╬     ╬ ╬ ╬ ☼ ╬         A ☼
☼ ☼ ☼       ╬ ╬ ╬ ╬ ╬   ͱ                     ╬ ☼ ╬ ╬ ╬       ☼ ☼ ☼
☼                  ╬                                              ☼
☼                  ╬      ╬ ╬ ╬     ╬ ╬ ╬                 = =     ☼
☼     ╬ ╬ ╬     ╬ ╬ ╬ ☼ ☼ ╬ ╬ ╬   ͱ ╬ ╬ ╬     ╬ ╬ ╬     ╬ ╬ ╬     ☼
☼     ╬ ╬ ╬ ͱ   ╬ ╬ ╬     ╬ ╬ ╬     ╬ ╬ ╬     ╬ ╬ ╬     ╬ ╬ ╬     ☼
☼     ☼ ╬ ╬       □   A           ╬ ╬ ☼ ☼     ╬ ╬ ╬ ╬ ╬ ╬ ╬ ╬     ☼
☼ □ □ ☼ ╬ ╬       □       ╬ ╬ ╬   ╬ ╬ ☼       ╬ ╬ ╬ □ ╬ ╬ ╬ ╬ = @ ☼
☼     ☼ ╬ ╬     ╬ ╬ ╬ ☼ ☼ ╬ ╬ ╬     ╬ ☼ ☼     ╬ ╬ ╬     ╬ ╬ ╬     ☼
☼ □ □ ☼ ☼ ╬     ╬ ╬ ╬     ╬ ╬ ╬     ╬ ╬ ╬     ╬ ╬ ╬     ╬ ╬ ╬ @   ☼
☼       ╬ ╬     ╬ ╬ ╬     ╬ ╬ ╬ ͱ   ╬ ╬ ╬     ╬ ╬ ╬ ╬   ╬ ╬ ╬     ☼
☼         ╬   ͱ ╬ ╬ ╬     ╬ ╬ ╬     ╬ ╬ ╬   ͱ ╬ ╬ ╬     ╬ ╬ ╬   @ ☼
☼     ╬ @ ╬     ͱ @ ͱ             ͱ                     ╬ ╬ ╬     ☼
☼ □   ☼ ☼ ╬     ͱ @ ͱ                   ͱ           □ □ ╬ ╬ ╬ = = ☼
☼     ☼ ╬ ╬                 ☼ ☼ ☼ ☼ ☼ ☼         ͱ □ @ □ ╬ ╬ ╬     ☼
☼   □ ☼ ╬ ╬       @ ͱ     ‖ □ □       ☼           □ □ □ 2 ╬ ╬     ☼
☼     ☼         ͱ @       ‖ @ □   M   ☼         ͱ ‖ □ □ □ @ □     ☼
☼               ͱ @ ͱ     ‖ □ □       ☼         @ □ □ @ □ □ □     ☼
☼ ☼ ☼ ☼ ☼ ☼ ☼ ☼ ☼ ☼ ☼ ☼ ☼ ☼ ☼ ☼ 1 ☼ ☼ ☼ ☼ ☼ ☼ ☼ ☼ ☼ ☼ ☼ ☼ ☼ ☼ ☼ ☼ ☼
