☼ ☼ ☼ ☼ ☼ ☼ ☼ ☼ ☼ ☼ ☼ ☼ ☼ ʘ ☼ ☼ ☼ ☼ ☼ ☼ ☼ ☼ ☼ ☼ ☼ ☼ ☼ ☼ ☼ ☼ ☼ ☼ ☼ ☼ ☼ ☼ ☼ ☼ ☼ ☼ ☼ ☼ ☼ ☼ ☼ ☼ ☼ ☼ ☼ ☼ ʘ ☼ ☼ ☼ ☼ ☼ ☼ ☼ ☼ ☼ ☼ ☼ ☼ ☼ ☼ ☼ ☼ ☼ ☼ ☼ ☼ ☼ ☼ ☼ ☼ ☼ ☼ ☼ ☼ ☼ ☼ ☼ ☼ ☼ ☼ ☼ ʘ ☼ ☼ ☼ ☼ ☼ ☼ ☼ ☼ ☼ ☼ ☼ ☼ ☼ ☼ ☼
☼   ¿         ¿         ¿                 ¿          ¿            ☼ ☼             ¿         ¿                 ¿                       ☼ ☼             ¿         ¿                 ¿          ¿         ¿  ☼
☼                                                                                                                                                                                                         ☼
☼     ╬ ╬ ╬     ╬ ╬ ╬                         ╬ ╬ ╬                                           ╬             ╬                                           ╬ ╬ ╬                         ╬ ╬ ╬     ╬ ╬ ╬     ☼
☼     ╬ ╬ ╬     ╬ ╬ ╬     ╬ ╬ ╬     ╬ ╬ ╬     ╬ ╬ ╬                                           ╬ ╬         ╬ ╬                                           ╬ ╬ ╬     ╬ ╬ ╬     ╬ ╬ ╬     ╬ ╬ ╬     ╬ ╬ ╬     ☼
☼     ╬ ╬ ╬     ╬ ╬ ╬     ╬ ╬ ╬     ╬ ╬ ╬     ╬ ╬ ╬     ╬ ╬ ╬             ╬ ╬ ╬     ╬ ╬ ╬     ╬ ╬ ╬ ☺   ╬ ╬ ╬     ╬ ╬ ╬     ╬ ╬ ╬             ╬ ╬ ╬     ╬ ╬ ╬     ╬ ╬ ╬     ╬ ╬ ╬     ╬ ╬ ╬     ╬ ╬ ╬     ☼
ʘ     ╬ ╬ ╬     ╬ ╬ ╬     ╬ ╬ ╬ ☼ ☼ ╬ ╬ ╬               ╬ ╬ ╬             ╬ ╬ ╬     ╬ ╬ ╬     ╬ ╬ ╬ ☼ ☼ ╬ ╬ ╬     ╬ ╬ ╬     ╬ ╬ ╬             ╬ ╬ ╬               ╬ ╬ ╬ ☼ ☼ ╬ ╬ ╬     ╬ ╬ ╬     ╬ ╬ ╬     ʘ
☼     ╬ ╬ ╬               ╬ ╬ ╬ ☼ ☼ ╬ ╬ ╬               ╬ ╬ ╬             ╬ ╬ ╬     ╬ ╬ ╬     ╬ ╬ ╬ ☼ ☼ ╬ ╬ ╬     ╬ ╬ ╬     ╬ ╬ ╬             ╬ ╬ ╬               ╬ ╬ ╬ ☼ ☼ ╬ ╬ ╬               ╬ ╬ ╬     ☼
☼     ╬ ╬ ╬               ╬ ╬ ╬ ☼ ☼ ╬ ╬ ╬               ╬ ╬ ╬             ╬ ╬ ╬     ╬ ╬ ╬     ╬ ╬ ╬ ☼ ☼ ╬ ╬ ╬     ╬ ╬ ╬     ╬ ╬ ╬             ╬ ╬ ╬               ╬ ╬ ╬ ☼ ☼ ╬ ╬ ╬               ╬ ╬ ╬     ☼
☼     ╬ ╬ ╬               ╬ ╬ ╬     ╬ ╬ ╬               ╬ ╬ ╬             ╬ ╬ ╬               ╬ ╬ ╬     ╬ ╬ ╬               ╬ ╬ ╬             ╬ ╬ ╬               ╬ ╬ ╬     ╬ ╬ ╬               ╬ ╬ ╬     ☼
☼     ╬ ╬ ╬                                             ╬ ╬ ╬             ╬ ╬ ╬               ╬ ╬         ╬ ╬               ╬ ╬ ╬             ╬ ╬ ╬                                             ╬ ╬ ╬     ☼
☼     ╬ ╬ ╬       6                                       ╬ ╬ ╬         ╬ ╬ ╬                                                 ╬ ╬ ╬         ╬ ╬ ╬                                               ╬ ╬ ╬     ☼
☼     ╬ ╬ ╬                                               ╬ ╬ ╬         ╬ ╬ ╬                                                 ╬ ╬ ╬         ╬ ╬ ╬                                       2       ╬ ╬ ╬     ☼
☼                         ╬ ╬ ╬     ╬ ╬ ╬                                                     ╬ ╬ ╬   □ ╬ ╬ ╬                                                     ╬ ╬ ╬     ╬ ╬ ╬                         ☼
☼                         ╬ ╬ ╬     ╬ ╬ ╬               □ □                                   ╬ ╬ ╬   □ ╬ ╬ ╬                                                     ╬ ╬ ╬     ╬ ╬ ╬                         ☼
☼           ╬ ╬ ╬ ╬       ╬ ╬ ╬     ╬ ╬ ╬     ╬ ╬ ╬ ╬   □ □       ☼ ☼           ╬ ╬ ╬ ╬   □ □         □ □       □ ╬ ╬ ╬ ╬       □     ☼ ☼           ╬ ╬ ╬ ╬       ╬ ╬ ╬     ╬ ╬ ╬       ╬ ╬ ╬ ╬           ☼
☼ ☼ ☼       ╬ ╬ ╬ ╬               □           ╬ ╬ ╬ ╬     □ □   ☼ ☼ ☼ ☼         ╬ ╬ ╬ ╬   □ □ □     □ □ □       □ ╬ ╬ ╬ ╬       □   ☼ ☼ ☼ ☼         ╬ ╬ ╬ ╬                             ╬ ╬ ╬ ╬       ☼ ☼ ☼
☼                       □ □     □ □                       □ □ □   ☼ ☼           □           □ □ □ □ □ □       □ □             □ □     ☼ ☼                     □                                           ☼
☼                         □ □ ☺ □ □                       □ □ □ □                 □ □ □     □ □ □ □ □ □       □ □           □ □                 □           □ □                                           ☼
☼                         □ □ □ □ □ □         ╬ ╬ ╬       □ □ □ □                   □ □ □ □ □ □ □ □ □ □ □ □ □ □ □ □         □ □                 □ □         □ □ □         □           □                   ☼
☼         ╬ ╬ ╬               □ □ □ □ □ □ □ □ ╬ ╬ ╬ □ □ □ □ □ □ □                       □ □ □ □ □ □ □ □ □ □ □ □ □         □ □ □                 □ □ □     □ □ □         □ □ □       □ □     ╬ ╬ ╬         ☼
☼       ╬ ╬ ╬                   □ □ □ □ □ □ □ ╬ ╬ ╬ □ □ □ □ □ □ □ □                   □ □ □ □ □ □ □ □ □ □ □ □ □ □       □ □ □                   □ □ □ □   □ □           □ □ □ □ □ □ □ □       ╬ ╬ ╬       ☼
☼     ╬ ╬ ╬                       □ □ □ □ □ □ ╬ ╬ ╬ □ □ □ □ ╬ ╬ ╬ ╬ ╬ ╬             □ □ □ □ □ □ □ □ □ □ □ □ □ □ □       □ □ □ □ □ □ □ □ ╬     □ □ □ □ □ ☺ □ □ □           □ □ □ □ □ □ □         ╬ ╬ ╬     ☼
☼     ╬ ╬ ╬                       □ □ □ □ □ □ □ □ □ □ □ □ □ ╬ ╬ ╬ ╬ ╬ ╬ □ □ □ □       □ □ □ □ □ □ □ □ □ □ □ □ □         □ □ □ □ □ □ □ ╬ ╬ ╬ □ □ □ □ □ □ □ □ □ □           □ □ □   □ □ □         ╬ ╬ ╬     ☼
☼     ╬ ╬ ╬                         □ □ □ □ □ □ □ □ □ □ □ □ ╬ ╬ ╬ ╬ ╬ ╬ □ □ □ □ □ □     □ □ □ □ □ □ □ □ □ □ □           □ □ □ □ □ □ ╬ ╬ ╬ ╬ ╬ □ □ □ □ □ □ □ □           □ □         □ □         ╬ ╬ ╬     ☼
☼     ╬ ╬ ╬           □               □ □ □ □ □ □ □ □ □ □ □ ╬ ╬ ╬ ╬ ╬ ╬ □ □ □ □ □ □ □         □ □ □ □ □ □               □ □ □ □ □ □ □ ╬ ╬ ╬ □ □ □ □ □ □ □ □ □         □ □ □         □ □         ╬ ╬ ╬     ☼
☼   ╬ ╬ ╬         □ □ □ □               □ □ □         □ □ □ ╬ ╬ ╬ ╬ ╬ ╬ □ □ □ □ □ □                                   □ □ □ □ □ □ □ □ □ ╬ □ □ □ □ □ □ □ □ □ □ □ □ □ □ □ □ □           □ □         ╬ ╬ ╬   ☼
☼ ╬ ╬ ╬               □ □ □               □           □ □ □ □ □ □ □ □ □ □ □ □ □ □               1       6                       □ □ □ □ □ □ □ □ □ □ □ □ □ □ □ □ □ □ □ □ □               □ □ □       ╬ ╬ ╬ ☼
☼                   □ □ □ □ □                       □ □ □ □ □         □ □ □ □ □ □                   ☺                             □ □ □ □ □ □ □ □ □ □ □ □ □ □ □ □ □ □                     □ □ □           ☼
☼         □ □ □     □ □ □ □ □             □                               □ □ □             4       7       3             □         □       □ □ □ □ □ □ □ □ □ □ □ □ □ □                     □ □           ☼
☼         □ □ □ □ □ □ □ □ □ □           □ □                   □ □                                                         □ □ □                       □ □ □ □       □ □ □ □                 □ □ □ □       ☼
☼           □ □ □ □ □ □ □ □ □ □ □       □ □ □ □         □ □ □ □ □ □ □ □ □                       2       5               □ □ □ □ □ □ □ □ □ □ □ □                   □ □ □ □ □ □ □           □ □             ☼
☼                 □ □ □ □ □ □ □       □ □ □ □ □       □ □ □ ☼ ☼ ☼ ☼ ☼ ☼ ☼ □                                             □ □ □ □ ☼ ☼ ☼ ☼ ☼ ☼ ☼ ☼ □                 □ □ □ □ □ □ □                           ☼
☼             □ □ □ □ □ □ □ □       □ □ □ □ □ □ □       □ □ ☼ ☼ ☼ ☼ ☼ ☼ ☼ □         □ □                                 □ □ □ □ ☼ ☼ ☼ ☼ ☼ ☼ ☼ ☼ □ □               □ □     □ □                             ☼
☼           □ □ □ □ □ □ □         □ □ □ □ □ □ □ □       □ □ □ □ □ □ □ □ □       □ □ □               □ □ □               □ □ □ □ □ □ □ □ □ □ □ □ □               □ □         □ □                           ☼
ʘ   ¿       □ □ □ □                 □ □ □ □ □ □ □ □         □ □ □           □ □ □ □ □ □ □         □ □ □ □ □ □     □ □ □ □ □ □ □     □ □ □ □ □ □ □ □ □ □         □           □ □              ¿         ¿  ʘ
☼           □           □ □ □ □     □ □ □ □ □ □ □ □ □                     □ □ □ □ □ □         □ □ □ □ □ □ □     □ □ □ □ □ □ □ □ □     □ □ □ □ ╬ ╬ ╬ □ □                                         ╬ ╬ ╬     ☼
☼     ╬ ╬ ╬           □ □ ╬ ╬ ╬     ╬ ╬ ╬   □ □ ╬ ╬ ╬       ╬ ╬ ╬         □ □ □ □         □ □ □ □ □ □ □ □ □ □     □ □ □ □ □ □ □ □ □     □ □ □ ╬ ╬ ╬ □     ╬ ╬ ╬                     ╬ ╬ ╬       ╬ ╬ ╬     ☼
☼     ╬ ╬ ╬           □ □ ╬ ╬ ╬     ╬ ╬ ╬     □ ╬ ╬ ╬       ╬ ╬ ╬       □ □ □ □ □       □ □ □ □ □ □ □ □ □ □ □       □ □ □ □ □ □ □         □   ╬ ╬ ╬       ╬ ╬ ╬                     ╬ ╬ ╬       ╬ ╬ ╬     ☼
☼       ╬ ╬ ╬           □ ╬ ╬ ╬     ╬ ╬ ╬     □ □         ╬ ╬ ╬         □ ╬ ╬ ╬ □         □ □ □ □ □ □ □ □ □           □ □ □ ╬ ╬ ╬             ╬ ╬ ╬       ╬ ╬ ╬                     ╬ ╬ ╬       ╬ ╬ ╬     ☼
☼       ╬ ╬ ╬             ╬ ╬ ╬ ☼ ☼ ╬ ╬ ╬       □         ╬ ╬ ╬         □ ╬ ╬ ╬ □             □ □ □ □ □ □ □ □         □ □   ╬ ╬ ╬             ╬ ╬ ╬     ╬ ╬ ╬                         ╬ ╬ ╬     ╬ ╬ ╬     ☼
☼         ╬ ╬ ╬           ╬ ╬ ╬ ☼ ☼ ╬ ╬ ╬               ╬ ╬ ╬           ╬ ╬ ╬ □ □           □ ╬ ╬ ╬ ☼ ☼ ╬ ╬ ╬ □         □     ╬ ╬ ╬           ╬ ╬ ╬     ╬ ╬ ╬                         ╬ ╬ ╬     ╬ ╬ ╬     ☼
☼         ╬ ╬ ╬           ╬ ╬ ╬ ☼ ☼ ╬ ╬ ╬     ☺         ╬ ╬ ╬           ╬ ╬ ╬         ╬ ╬   □ ╬ ╬ ╬ ☼ ☼ ╬ ╬ ╬ □   ╬ ╬         ╬ ╬ ╬           ╬ ╬ ╬     ╬ ╬ ╬     ╬ ╬ ╬ ╬ ╬ ╬ ╬ ╬     ╬ ╬ ╬     ╬ ╬ ╬     ☼
☼           ╬ ╬ ╬         ╬ ╬ ╬     ╬ ╬ ╬             ╬ ╬ ╬           ╬ ╬ ╬         ╬ ╬ ╬     ╬ ╬ ╬     ╬ ╬ ╬     ╬ ╬ ╬         ╬ ╬ ╬         ╬ ╬ ╬     ╬ ╬ ╬     ╬ ╬ ╬ ╬ ╬ ╬ ╬ ╬               ╬ ╬ ╬     ☼
☼           ╬ ╬ ╬         ╬ ╬ ╬     ╬ ╬ ╬   @ @       ╬ ╬ ╬         ╬ ╬ ╬           ╬ ╬ ╬     ╬ ╬ ╬     ╬ ╬ ╬     ╬ ╬ ╬           ╬ ╬ ╬       ╬ ╬ ╬                     ╬ ╬                     ╬ ╬ ╬     ☼
☼             ╬ ╬ ╬                         @ @     ╬ ╬ ╬           ╬ ╬ ╬           ╬ ╬ ╬ ╬ ╬ ╬ ╬ ╬     ╬ ╬ ╬ ╬ ╬ ╬ ╬ ╬           ╬ ╬ ╬                       ‖         ╬ ╬                               ☼
☼             ╬ ╬ ╬                                 ╬ ╬ ╬           ╬ ╬ ╬           ╬ ╬ ╬ ╬ ╬                 ╬ ╬ ╬ ╬ ╬           ╬ ╬ ╬                       ‖                     @ @ @                 ☼
☼                         ╬ ╬ ╬     ╬ ╬ ╬                                     ╬ ╬ ╬ ╬                                 ╬ ╬ ╬ ╬                                 ‖           ☺         @ @ @                 ☼
☼                         ╬ ╬ ╬     ╬ ╬ ╬                                       ╬ ╬ ╬         ‖             ‖         ╬ ╬ ╬                                                                               ☼
☼           ╬ ╬ ╬ ╬ ╬ ╬ ╬ ╬ ╬ ╬     ╬ ╬ ╬ ╬ ╬ ╬ ╬ ╬ ╬ ╬           ☼ ☼                         ‖       7     ‖                         ☼ ☼           ╬ ╬ ╬ ╬ ╬ ╬ ╬ ╬ ╬ ╬     ╬ ╬ ╬ ╬ ╬ ╬ ╬ ╬ ╬ ╬           ☼
☼ ☼ ☼       ╬ ╬ ╬ ╬ ╬ ╬ ╬ ╬ ╬ ╬     ╬ ╬ ╬ ╬ ╬ ╬ ╬ ╬ ╬ ╬         ☼ ☼ ☼ ☼                       ‖             ‖                       ☼ ☼ ☼ ☼         ╬ ╬ ╬ ╬ ╬ ╬ ╬ ╬ ╬ ╬ = = ╬ ╬ ╬ ╬ ╬ ╬ ╬ ╬ ╬ ╬       ☼ ☼ ☼
☼                                                                 ☼ ☼           ╬ ╬ ╬         ‖     @       ‖         ╬ ╬ ╬           ☼ ☼                         ╬ ╬ ╬   = ╬ ╬ ╬                         ☼
☼                   @ @                                                       ╬ ╬ ╬ ╬                 @               ╬ ╬ ╬ ╬                                     ╬ ╬ ╬     ╬ ╬ ╬                         ☼
☼                   @ @         ╬ ╬                                       ╬ ╬ ╬     ╬ ╬ ╬             @           ╬ ╬ ╬     ╬ ╬ ╬                                                                 5       ☼
☼     ╬ ╬ ╬                     ╬ ╬                     ╬ ╬ ╬             ╬ ╬ ╬     ╬ ╬ ╬ ╬ ╬ ╬ ╬ ╬     ╬ ╬ ╬ ╬ ╬ ╬ ╬ ╬     ╬ ╬ ╬                 ╬ ╬ ╬                                 ╬ ╬ ╬             ☼
☼     ╬ ╬ ╬     ╬ ╬ ╬     ╬ ╬ ╬ ╬ ╬ ╬ ╬ ╬     ╬ ╬ ╬     ╬ ╬ ╬             ╬ ╬ ╬     ╬ ╬ ╬ ╬ ╬ ╬ ╬ ╬ ╬ ╬ ╬ ╬ ╬ ╬ ╬ ╬ ╬ ╬     ╬ ╬ ╬                 ╬ ╬ ╬                                 ╬ ╬ ╬             ☼
☼     ╬ ╬ ╬     ╬ ╬ ╬     ╬ ╬ ╬ ╬ ╬ ╬ ╬ ╬     ╬ ╬ ╬     ╬ ╬ ╬             ╬ ╬ ╬     ╬ ╬ ╬     ╬ ╬ ╬ ╬ ╬ ╬ ╬ ╬     ╬ ╬ ╬     ╬ ╬ ╬               ╬ ╬ ╬       ‖     ╬ ╬ ╬     ╬ ╬ ╬         ╬ ╬ ╬           ☼
☼     ╬ ╬ ╬     ╬ ╬ ╬         ☼ ☼ ☼ ☼         ╬ ╬ ╬     ╬ ╬ ╬             ╬ ╬ ╬     ╬ ╬ ╬     ╬ ╬ ╬     ╬ ╬ ╬     ╬ ╬ ╬     ╬ ╬ ╬               ╬ ╬ ╬       ‖     ╬ ╬ ╬     ╬ ╬ ╬         ╬ ╬ ╬           ☼
☼     ╬ ╬ ╬     ╬ ╬ ╬                         ╬ ╬ ╬     ╬ ╬ ╬                                                                                 ╬ ╬ ╬         ‖     ╬ ╬ ╬ ☼ ☼ ╬ ╬ ╬           ╬ ╬ ╬         ☼
☼     ╬ ╬ ╬       ╬ ╬ ╬                     ╬ ╬ ╬       ╬ ╬ ╬                                                                                 ╬ ╬ ╬               ╬ ╬ ╬ ☼ ☼ ╬ ╬ ╬           ╬ ╬ ╬         ☼
☼     ╬ ╬ ╬       ╬ ╬ ╬                     ╬ ╬ ╬       ╬ ╬ ╬             ╬ ╬ ╬                 @                           ╬ ╬ ╬           ╬ ╬ ╬                 ╬ ╬ ╬ ☼ ☼ ╬ ╬ ╬             ╬ ╬ ╬       ☼
☼       ╬ ╬ ╬     ╬ ╬ ╬     1               ╬ ╬ ╬     ╬ ╬ ╬       @       ╬ ╬ ╬               @   @                         ╬ ╬ ╬           ╬ ╬ ╬                 ╬ ╬ ╬     ╬ ╬ ╬             ╬ ╬ ╬       ☼
☼                 ╬ ╬ ╬ ☼                 ☼ ╬ ╬ ╬               @ @       ╬ ╬ ╬             @   ☺   @                       ╬ ╬ ╬         ╬ ╬ ╬       ╬ ╬ ╬       ╬ ╬ ╬     ╬ ╬ ╬               ╬ ╬ ╬     ☼
☼                   ╬ ╬ ╬ ☼             ☼ ╬ ╬ ╬               @ @ @       ╬ ╬ ╬               @   @                         ╬ ╬ ╬       ☼ ╬ ╬ ╬ ☼     ╬ ╬ ╬     ☼ ╬ ╬ ╬     ╬ ╬ ╬ ☼           ☼ ╬ ╬ ╬ ☼   ☼
☼     = = =         ╬ ╬ ╬ ☼             ☼ ╬ ╬ ╬               @ @         ╬ ╬ ╬                 @                           ╬ ╬ ╬       ☼ ☼ ☼ ☼ ☼     ☼ ☼ ☼     ☼ ☼ ☼ ☼     ☼ ☼ ☼ ☼           ☼ ☼ ☼ ☼ ☼   ☼
☼                   ☼ ☼ ☼ ☼             ☼ ☼ ☼ ☼               @                                                                                                                       @ @ @               ☼
ʘ                                                                 ☼ ☼                                                                 ☼ ☼                                           @ @ @ @ @             ʘ
☼                             ☼ ╬ ╬ ☼                           ☼ ☼ ☼ ☼                                                             ☼ ☼ ☼ ☼                                           @ @ @               ☼
☼             ¿         ¿     ☼ ╬ ╬ ☼     ¿          ¿            ☼ ☼             ¿         ¿                 ¿          ¿            ☼ ☼             ¿         ¿                 ¿          ¿            ☼
☼               ☼ ☼ ☼ ☼       ☼ ╬ ╬ ☼       ☼ ☼ ☼ ☼                                                                                                                                                       ☼
☼               ☼ ☼ ☼ ☼         ☼ ☼         ☼ ☼ ☼ ☼                                           ╬ ╬ ╬     ╬ ╬ ╬               ╬ ╬ ╬         ╬ ╬ ╬         ╬ ╬ ╬     ╬ ╬ ╬     ╬ ╬ ╬     ╬ ╬ ╬     ☼ ☼ ☼     ☼
☼   ╬ ☼ ☼           ☼ ☼                     ☼ ☼           ☼ ☼ ╬ ╬ ╬ ╬ ╬ ╬ ╬ ☼ ☼               ☼ ╬ ╬     ╬ ╬ ☼     ╬ ╬ ╬     ╬ ☼ ╬         ╬ ☼ ╬         ╬ ╬ ╬     ╬ ╬ ╬     ╬ ╬ ╬     ╬ ╬ ╬     ☼ ☼ ☼     ☼
☼   ╬ ☼ ☼           ☼ ☼                     ☼ ☼           ☼ ☼ ╬ ╬ ╬ ╬ ╬ ╬ ╬ ☼ ☼               ╬ ☼ ╬     ╬ ☼ ╬     ╬ ╬ ╬     ╬ ☼ ╬         ╬ ☼ ╬         ╬ ☼ ╬     ☼ ☼ ╬     ╬ ☼ ☼     ╬ ☼ ╬   ‖ ╬ ☼ ╬     ☼
☼   ╬ ☼ ☼ ☼ ☼                                         ☼ ☼ ☼ ☼ ╬           ╬ ☼ ☼ ☼ ☼           ╬ ╬ ☼ ☼ ☼ ☼ ╬ ╬     ☼ ☼ ☼       ╬ ╬   ╬ ╬   ╬ ╬           ╬ ☼ ╬     ╬ ☼ ☼ ☼ ☼ ☼ ☼ ╬     ╬ ☼ ╬   ‖ ╬ ☼ ╬     ☼
☼     ╬ ╬ ☼ ☼     = =     ╬ ╬ ╬ ☼ ☼ ╬ ╬ ╬             ☼ ☼ ╬ ╬               ╬ ╬ ☼ ☼           ╬ ╬ ☼ ☼ ☼ ☼ ╬ ╬     ╬ ☼ ╬         ╬ ☼ ☼ ☼ ☼ ╬     @ @     ╬ ☼ ╬     ╬ ╬ ╬ ☼ ☼ ╬ ╬ ╬     ╬ ☼ ╬   ‖ ╬ ☼ ╬     ☼
☼                         ╬ ☼ ╬ ☼ ☼ ╬ ☼ ╬                         = = =                       ╬ ╬ ☼ ☼ ☼ ☼ ╬ ╬     ╬ ☼ ╬         ╬ ☼ ☼ ☼ ☼ ╬     = =     ☼ ☼ ╬     ╬ ☼ ☼ ☼ ☼ ☼ ☼ ╬     ╬ ☼ ☼     ╬ ☼ ╬     ☼
☼               ╬ ╬ ╬     ╬ ☼ ╬     ╬ ☼ ╬     ╬ ╬ ╬                                           ╬ ☼ ╬     ╬ ☼ ╬     ☼ ☼ ☼       ╬ ╬   ╬ ╬   ╬ ╬           ╬ ☼ ☼     ☼ ☼ ╬     ╬ ☼ ☼     ☼ ☼ ╬     ╬ ☼ ╬     ☼
☼     ╬ ╬ ╬     ╬ ☼ ╬     ╬ ╬ ╬     ╬ ╬ ╬     ╬ ☼ ╬ ‖   ╬ ╬ ╬             ╬ ╬ ╬               ☼ ╬ ╬     ╬ ╬ ☼     ╬ ╬ ╬     ╬ ☼ ╬         ╬ ☼ ╬         ╬ ╬ ╬ ☼ ☼ ╬ ╬ ╬     ╬ ╬ ╬ ☼ ☼ ╬ ╬ ╬     ╬ ☼ ╬     ☼
☼     ╬ ☼ ╬     ╬ ☼ ╬                         ╬ ☼ ╬ ‖   ╬ ☼ ╬             ╬ ☼ ╬                                   ╬ ╬ ╬     ╬ ☼ ╬         ╬ ☼ ╬         ╬ ╬ ╬                         ╬ ╬ ╬     ☼ ☼ ☼     ☼
☼     ╬ ╬ ╬     ╬ ╬ ╬                         ╬ ╬ ╬     ╬ ╬ ╬             ╬ ╬ ╬       @ @                                   ╬ ╬ ╬         ╬ ╬ ╬         ╬ ╬ ╬                         ╬ ╬ ╬     ☼ ☼ ☼     ☼
☼                         ╬ ╬ ╬     ╬ ╬ ╬                                             @ @     ╬ ☼ ╬     ╬ ☼ ╬                                                     ╬ ╬ ╬     ╬ ╬ ╬                         ☼
☼                         ╬ ☼ ╬ ☼ ☼ ╬ ☼ ╬                                                     ☼ ☼ ☼     ☼ ☼ ☼                                                     ╬ ☼ ╬     ╬ ☼ ╬                         ☼
☼           ☼ ╬ ╬ ☼ ☼     ╬ ☼ ╬ ☼ ☼ ╬ ☼ ╬     ☼ ☼ ╬ ╬ ☼           ☼ ☼           ╬ ╬ ╬ ☼ ╬     ╬ ☼ ╬ ‖   ╬ ☼ ╬     ╬ ☼ ╬ ╬ ╬           ☼ ☼           ╬ ☼ ╬ ☼ ╬     ╬ ╬ ╬     ╬ ╬ ╬     ╬ ☼ ╬ ☼ ╬           ☼
☼ ☼ ☼       ╬ ╬ ╬ ☼ ☼     ╬ ╬ ╬     ╬ ╬ ╬     ☼ ☼ ╬ ╬ ╬         ☼ ☼ ☼ ☼         ╬ ☼ ☼ ☼ ╬           ‖             ╬ ☼ ☼ ☼ ╬         ☼ ☼ ☼ ☼         ╬ ☼ ╬ ☼ ╬                         ╬ ☼ ╬ ☼ ╬       ☼ ☼ ☼
☼                                                                 ☼ ☼           ╬ ☼ ╬                                 ╬ ☼ ╬           ☼ ☼                                 3           = =                 ☼
☼                                                                               ╬ ╬ ☼         ╬ ╬ ╬ ╬ ╬ ╬ ╬ ╬         ☼ ╬ ╬                                                                               ☼
☼     ╬ ☼ ╬     ╬ ╬ ╬     ╬ ╬ ╬     ╬ ╬ ╬     ╬ ╬ ╬     ╬ ╬ ╬             ╬         ☼ ╬ ╬     ╬ ☼ ☼ ☼ ☼ ☼ ☼ ╬     ╬ ╬ ☼         ╬             ╬ ╬ ╬     ╬ ╬ ╬     ╬ ╬ ╬     ╬ ╬ ╬     ╬ ╬ ╬   @ ╬ ╬ ╬     ☼
☼     ╬ ☼ ╬     ╬ ╬ ╬     ╬ ╬ ╬ ☼ ☼ ╬ ╬ ╬     ╬ ╬ ╬     ╬ ╬ ╬     4       ╬ ╬       ☼ ☼ ☼     ╬ ╬ ╬   ☺ ╬ ╬ ╬     ☼ ☼ ☼       ╬ ╬     = = =   ╬ ╬ ╬     ╬ ╬ ╬     ☼ ☼ ☼     ☼ ☼ ☼     ╬ ╬ ╬   @ ╬ ╬ ╬     ☼
☼     ╬ ☼ ╬ ‖   ╬ ╬ ╬     ╬ ╬ ╬ ☼ ☼ ╬ ╬ ╬     ╬ ╬ ╬     ╬ ☼ ╬             ╬ ╬ ╬     ☼ ☼ ☼     ╬ ☼ ☼ ☼ ☼ ☼ ☼ ╬     ☼ ☼ ☼     ╬ ╬ ╬     ‖       ╬ ☼ ╬     ╬ ╬ ╬     ╬ ╬ ╬ ╬ ╬ ╬ ╬ ╬     ╬ ╬ ╬   @ ╬ ╬ ╬     ☼
☼  ‖  ☼ ☼ ☼   ‖ ╬ ╬ ╬                         ╬ ╬ ╬     ╬ ☼ ╬   =   =     ╬ ☼ ╬     ╬ ╬ ╬     ╬ ╬ ╬ ╬ ╬ ╬ ╬ ╬     ╬ ╬ ╬     ╬ ☼ ╬     ‖       ╬ ☼ ╬     ╬ ╬ ╬ ╬ ☼ ☼ ☼ ☼ ☼ ☼ ☼ ☼ ☼ ☼ ╬ ╬ ╬ ╬     ☼ ☼ ☼   ‖ ☼
☼  ‖  ☼ ☼ ☼ ☺ ☼ ☼ ╬ ╬                         ╬ ╬ ☼ ☼   ╬ ☼ ╬     =   =   ╬ ☼ ╬                                             ╬ ☼ ╬     ‖       ╬ ☼ ╬     ╬ ☼ ☼ ☼ ╬ ╬ ╬ ╬     ╬ ╬ ╬ ╬ ☼ ☼ ☼ ╬     ☼ ☼ ☼   ‖ ☼
☼  ‖  ╬ ╬ ╬   ☼ ☼ ╬ ╬     ╬ ╬ ╬     ╬ ╬ ╬     ╬ ╬ ☼ ☼   ╬ ☼ ╬             ╬ ☼ ╬                                             ╬ ☼ ╬             ╬ ☼ ╬     ╬ ╬ ╬                         ╬ ╬ ╬     ╬ ☼ ╬   ‖ ☼
ʘ     ╬ ╬ ╬ ‖   ╬ ╬ ╬     ╬ ☼ ╬ ☼ ☼ ╬ ☼ ╬     ╬ ╬ ╬     ╬ ☼ ☼ ☼ ☼ ☼ ☼ ☼ ☼ ☼ ╬ ╬             ‖ ╬ ╬ ☼ ☼ ☼ ☼ ╬ ╬               ╬ ╬ ☼ ☼ ☼ ☼ ☼ ☼ ☼ ☼ ☼ ╬     ╬ ╬                             ╬ ╬     ╬ ☼ ╬     ʘ
☼     ╬ ╬ ╬     ╬ ╬ ╬     ╬ ☼ ╬ ☼ ☼ ╬ ☼ ╬     ╬ ╬ ╬     ╬ ☼ ☼ ☼ ☼ ☼ ☼ ╬ ╬ ╬         ╬ ╬ ╬   ‖ ╬ ☼ ☼ ☼ ☼ ☼ ☼ ╬     ╬ ╬ ╬         ╬ ╬ ☼ ☼ ☼ ☼ ☼ ☼ ☼ ╬     ╬                                 ╬     ╬ ☼ ╬     ☼
☼     ☼ ☼ ☼               ╬ ╬ ╬     ╬ ╬ ╬               ╬ ╬ ╬                       ☼ ☼ ╬   ‖                     ╬ ☼ ☼                       ╬ ╬ ╬                     ╬ ╬ ╬                   ☼ ☼ ☼     ☼
☼     ☼ ☼ ☼                                             ╬ ╬ ╬                     ╬ ☼ ☼                             ☼ ☼ ╬                     ╬ ╬ ╬                     ╬ ☼ ╬                   ☼ ☼ ☼     ☼
☼     ╬ ☼ ╬                                             ╬ ╬ ╬             ╬ ╬ ☼ ☼ ☼ ╬                               ╬ ╬ ╬                     ╬ ╬ ╬       = = =   = = = ╬ ╬ ╬                   ╬ ╬ ╬     ☼
☼     ╬ ☼ ╬               ╬ ╬ ╬     ╬ ╬ ╬                                 ╬ ╬ ☼ ☼ ☼ ╬             ╬ ╬ ╬ ╬             ╬ ☼ ☼ ☼ ╬ ╬             ╬ ╬ ╬         ‖   ☺   ‖                           ╬ ╬ ╬     ☼
☼     = = =               ╬ ☼ ╬ ☼ ☼ ╬ ☼ ╬                                                         ╬ ╬ ╬ ╬             ╬ ☼ ☼ ☼ ╬ ╬                         = = =   = = =                                   ☼
☼                         ╬ ╬ ╬     ╬ ╬ ╬                                                                                                                                                                 ☼
☼                                                               ☼ ☼ ☼ ☼                                                             ☼ ☼ ☼ ☼                                                               ☼
☼ ☼ ☼ ☼ ☼ ☼ ☼ ☼ ☼ ☼ ☼ ☼ ☼ ʘ ☼ ☼ ☼ ☼ ☼ ☼ ☼ ☼ ☼ ☼ ☼ ☼ ☼ ☼ ☼ ☼ ☼ ☼ ☼ ☼ ☼ ☼ ☼ ☼ ☼ ☼ ☼ ☼ ☼ ☼ ☼ ☼ ☼ ☼ ☼ ☼ ʘ ☼ ☼ ☼ ☼ ☼ ☼ ☼ ☼ ☼ ☼ ☼ ☼ ☼ ☼ ☼ ☼ ☼ ☼ ☼ ☼ ☼ ☼ ☼ ☼ ☼ ☼ ☼ ☼ ☼ ☼ ☼ ☼ ☼ ☼ ☼ ʘ ☼ ☼ ☼ ☼ ☼ ☼ ☼ ☼ ☼ ☼ ☼ ☼ ☼ ☼ ☼